# serializer version: 1
# name: test_all_entities[update.nanostation_5ac_ap_name_none-entry]
  EntityRegistryEntrySnapshot({
    'aliases': set({
    }),
    'area_id': None,
    'capabilities': None,
    'config_entry_id': <ANY>,
    'config_subentry_id': <ANY>,
    'device_class': None,
    'device_id': <ANY>,
    'disabled_by': None,
    'domain': 'update',
    'entity_category': <EntityCategory.CONFIG: 'config'>,
    'entity_id': 'update.nanostation_5ac_ap_name_none',
    'has_entity_name': True,
    'hidden_by': None,
    'icon': None,
    'id': <ANY>,
    'labels': set({
    }),
    'name': None,
    'options': dict({
    }),
    'original_device_class': None,
    'original_icon': None,
    'original_name': None,
    'platform': 'airos',
    'previous_unique_id': None,
    'suggested_object_id': None,
    'supported_features': <UpdateEntityFeature: 1>,
    'translation_key': 'firmware_update',
    'unique_id': '01:23:45:67:89:AB_firmware_update',
    'unit_of_measurement': None,
  })
# ---
# name: test_all_entities[update.nanostation_5ac_ap_name_none-state]
  StateSnapshot({
    'attributes': ReadOnlyDict({
      'auto_update': False,
      'display_precision': 0,
      'entity_picture': 'https://brands.home-assistant.io/_/airos/icon.png',
      'friendly_name': 'NanoStation 5AC ap name None',
      'in_progress': False,
      'installed_version': 'v8.7.17',
      'latest_version': 'v8.7.19',
      'release_summary': None,
      'release_url': 'https://dl.ubnt.com/firmwares/XC-fw/v8.7.19/changelog.txt',
      'skipped_version': None,
      'supported_features': <UpdateEntityFeature: 1>,
      'title': 'airOS',
      'update_percentage': None,
    }),
    'context': <ANY>,
    'entity_id': 'update.nanostation_5ac_ap_name_none',
    'last_changed': <ANY>,
    'last_reported': <ANY>,
    'last_updated': <ANY>,
    'state': 'on',
  })
# ---
